false <== , Pos(0,0)
true <== , Pos(0,1)
true <== , Pos(0,2)
true <== , Pos(1,0)
false <== , Pos(1,1)
false <== , Pos(1,2)
true <== , Pos(2,0)
false <== , Pos(2,1)
false <== , Pos(2,2)
