Vector(Pos(0,1), Pos(0,2), Pos(1,0), Pos(1,1), Pos(1,2), Pos(2,0), Pos(2,1), Pos(2,2)) <== , Pos(0,0)
Vector(Pos(3,0), Pos(3,1), Pos(3,2), Pos(4,0), Pos(4,1), Pos(4,2), Pos(5,0), Pos(5,1), Pos(5,2)) <== , Pos(1,0)
Vector(Pos(3,3), Pos(3,4), Pos(3,5), Pos(4,3), Pos(4,4), Pos(4,5), Pos(5,3), Pos(5,4), Pos(5,5)) <== , Pos(7,1)
Vector(Pos(3,3), Pos(3,4), Pos(3,5), Pos(4,3), Pos(4,5), Pos(5,3), Pos(5,4), Pos(5,5)) <== , Pos(4,4)
